Archive member included to satisfy reference by file (symbol)

c:/arm/eclipse/plugins/fr.ac6.mcu.externaltools.arm-none.win32_1.7.0.201602121829/tools/compiler/bin/../lib/gcc/arm-none-eabi/5.2.1/../../../../arm-none-eabi/lib/armv7-m\libc_nano.a(lib_a-exit.o)
                              c:/arm/eclipse/plugins/fr.ac6.mcu.externaltools.arm-none.win32_1.7.0.201602121829/tools/compiler/bin/../lib/gcc/arm-none-eabi/5.2.1/../../../../arm-none-eabi/lib/armv7-m/crt0.o (exit)
c:/arm/eclipse/plugins/fr.ac6.mcu.externaltools.arm-none.win32_1.7.0.201602121829/tools/compiler/bin/../lib/gcc/arm-none-eabi/5.2.1/../../../../arm-none-eabi/lib/armv7-m\libc_nano.a(lib_a-impure.o)
                              c:/arm/eclipse/plugins/fr.ac6.mcu.externaltools.arm-none.win32_1.7.0.201602121829/tools/compiler/bin/../lib/gcc/arm-none-eabi/5.2.1/../../../../arm-none-eabi/lib/armv7-m\libc_nano.a(lib_a-exit.o) (_global_impure_ptr)
c:/arm/eclipse/plugins/fr.ac6.mcu.externaltools.arm-none.win32_1.7.0.201602121829/tools/compiler/bin/../lib/gcc/arm-none-eabi/5.2.1/../../../../arm-none-eabi/lib/armv7-m\libc_nano.a(lib_a-init.o)
                              c:/arm/eclipse/plugins/fr.ac6.mcu.externaltools.arm-none.win32_1.7.0.201602121829/tools/compiler/bin/../lib/gcc/arm-none-eabi/5.2.1/../../../../arm-none-eabi/lib/armv7-m/crt0.o (__libc_init_array)
c:/arm/eclipse/plugins/fr.ac6.mcu.externaltools.arm-none.win32_1.7.0.201602121829/tools/compiler/bin/../lib/gcc/arm-none-eabi/5.2.1/../../../../arm-none-eabi/lib/armv7-m\libc_nano.a(lib_a-memset.o)
                              c:/arm/eclipse/plugins/fr.ac6.mcu.externaltools.arm-none.win32_1.7.0.201602121829/tools/compiler/bin/../lib/gcc/arm-none-eabi/5.2.1/../../../../arm-none-eabi/lib/armv7-m/crt0.o (memset)
c:/arm/eclipse/plugins/fr.ac6.mcu.externaltools.arm-none.win32_1.7.0.201602121829/tools/compiler/bin/../lib/gcc/arm-none-eabi/5.2.1/../../../../arm-none-eabi/lib/armv7-m\libnosys.a(_exit.o)
                              c:/arm/eclipse/plugins/fr.ac6.mcu.externaltools.arm-none.win32_1.7.0.201602121829/tools/compiler/bin/../lib/gcc/arm-none-eabi/5.2.1/../../../../arm-none-eabi/lib/armv7-m\libc_nano.a(lib_a-exit.o) (_exit)

Allocating common symbols
Common symbol       size              file

hspi2               0x58              Application/User/main.o

Discarded input sections

 .text          0x00000000        0x0 c:/arm/eclipse/plugins/fr.ac6.mcu.externaltools.arm-none.win32_1.7.0.201602121829/tools/compiler/bin/../lib/gcc/arm-none-eabi/5.2.1/armv7-m/crti.o
 .data          0x00000000        0x0 c:/arm/eclipse/plugins/fr.ac6.mcu.externaltools.arm-none.win32_1.7.0.201602121829/tools/compiler/bin/../lib/gcc/arm-none-eabi/5.2.1/armv7-m/crti.o
 .bss           0x00000000        0x0 c:/arm/eclipse/plugins/fr.ac6.mcu.externaltools.arm-none.win32_1.7.0.201602121829/tools/compiler/bin/../lib/gcc/arm-none-eabi/5.2.1/armv7-m/crti.o
 .data          0x00000000        0x4 c:/arm/eclipse/plugins/fr.ac6.mcu.externaltools.arm-none.win32_1.7.0.201602121829/tools/compiler/bin/../lib/gcc/arm-none-eabi/5.2.1/armv7-m/crtbegin.o
 .text          0x00000000       0x74 c:/arm/eclipse/plugins/fr.ac6.mcu.externaltools.arm-none.win32_1.7.0.201602121829/tools/compiler/bin/../lib/gcc/arm-none-eabi/5.2.1/../../../../arm-none-eabi/lib/armv7-m/crt0.o
 .data          0x00000000        0x0 c:/arm/eclipse/plugins/fr.ac6.mcu.externaltools.arm-none.win32_1.7.0.201602121829/tools/compiler/bin/../lib/gcc/arm-none-eabi/5.2.1/../../../../arm-none-eabi/lib/armv7-m/crt0.o
 .bss           0x00000000        0x0 c:/arm/eclipse/plugins/fr.ac6.mcu.externaltools.arm-none.win32_1.7.0.201602121829/tools/compiler/bin/../lib/gcc/arm-none-eabi/5.2.1/../../../../arm-none-eabi/lib/armv7-m/crt0.o
 .ARM.extab     0x00000000        0x0 c:/arm/eclipse/plugins/fr.ac6.mcu.externaltools.arm-none.win32_1.7.0.201602121829/tools/compiler/bin/../lib/gcc/arm-none-eabi/5.2.1/../../../../arm-none-eabi/lib/armv7-m/crt0.o
 .ARM.exidx     0x00000000        0x8 c:/arm/eclipse/plugins/fr.ac6.mcu.externaltools.arm-none.win32_1.7.0.201602121829/tools/compiler/bin/../lib/gcc/arm-none-eabi/5.2.1/../../../../arm-none-eabi/lib/armv7-m/crt0.o
 .ARM.attributes
                0x00000000       0x1b c:/arm/eclipse/plugins/fr.ac6.mcu.externaltools.arm-none.win32_1.7.0.201602121829/tools/compiler/bin/../lib/gcc/arm-none-eabi/5.2.1/../../../../arm-none-eabi/lib/armv7-m/crt0.o
 .text          0x00000000       0x14 Application/SW4STM32/startup_stm32f103xb.o
 .data          0x00000000        0x0 Application/SW4STM32/startup_stm32f103xb.o
 .bss           0x00000000        0x0 Application/SW4STM32/startup_stm32f103xb.o
 .group         0x00000000        0x8 Application/User/Init.o
 .text          0x00000000        0x0 Application/User/Init.o
 .data          0x00000000        0x0 Application/User/Init.o
 .bss           0x00000000        0x0 Application/User/Init.o
 .debug_info    0x00000000       0x21 Application/User/Init.o
 .debug_abbrev  0x00000000       0x13 Application/User/Init.o
 .debug_aranges
                0x00000000       0x18 Application/User/Init.o
 .debug_macro   0x00000000       0x11 Application/User/Init.o
 .debug_macro   0x00000000      0x886 Application/User/Init.o
 .debug_line    0x00000000       0x3b Application/User/Init.o
 .debug_str     0x00000000     0x24fe Application/User/Init.o
 .comment       0x00000000       0x6f Application/User/Init.o
 .ARM.attributes
                0x00000000       0x33 Application/User/Init.o
 .group         0x00000000        0x8 Application/User/main.o
 .group         0x00000000        0x8 Application/User/main.o
 .group         0x00000000        0x8 Application/User/main.o
 .group         0x00000000        0x8 Application/User/main.o
 .group         0x00000000        0x8 Application/User/main.o
 .group         0x00000000        0x8 Application/User/main.o
 .group         0x00000000        0x8 Application/User/main.o
 .group         0x00000000        0x8 Application/User/main.o
 .group         0x00000000        0x8 Application/User/main.o
 .group         0x00000000        0x8 Application/User/main.o
 .group         0x00000000        0x8 Application/User/main.o
 .group         0x00000000        0x8 Application/User/main.o
 .group         0x00000000        0x8 Application/User/main.o
 .group         0x00000000        0x8 Application/User/main.o
 .group         0x00000000        0x8 Application/User/main.o
 .group         0x00000000        0x8 Application/User/main.o
 .group         0x00000000        0x8 Application/User/main.o
 .group         0x00000000        0x8 Application/User/main.o
 .group         0x00000000        0x8 Application/User/main.o
 .group         0x00000000        0x8 Application/User/main.o
 .group         0x00000000        0x8 Application/User/main.o
 .group         0x00000000        0x8 Application/User/main.o
 .group         0x00000000        0x8 Application/User/main.o
 .group         0x00000000        0x8 Application/User/main.o
 .group         0x00000000        0x8 Application/User/main.o
 .group         0x00000000        0x8 Application/User/main.o
 .group         0x00000000        0x8 Application/User/main.o
 .group         0x00000000        0x8 Application/User/main.o
 .group         0x00000000        0x8 Application/User/main.o
 .group         0x00000000        0x8 Application/User/main.o
 .group         0x00000000        0x8 Application/User/main.o
 .group         0x00000000        0x8 Application/User/main.o
 .group         0x00000000        0x8 Application/User/main.o
 .group         0x00000000        0x8 Application/User/main.o
 .group         0x00000000        0x8 Application/User/main.o
 .group         0x00000000        0x8 Application/User/main.o
 .group         0x00000000        0x8 Application/User/main.o
 .group         0x00000000        0x8 Application/User/main.o
 .group         0x00000000        0x8 Application/User/main.o
 .group         0x00000000        0x8 Application/User/main.o
 .group         0x00000000        0x8 Application/User/main.o
 .group         0x00000000        0x8 Application/User/main.o
 .group         0x00000000        0x8 Application/User/main.o
 .group         0x00000000        0x8 Application/User/main.o
 .group         0x00000000        0x8 Application/User/main.o
 .group         0x00000000        0x8 Application/User/main.o
 .group         0x00000000        0x8 Application/User/main.o
 .group         0x00000000        0x8 Application/User/main.o
 .group         0x00000000        0x8 Application/User/main.o
 .text          0x00000000        0x0 Application/User/main.o
 .data          0x00000000        0x0 Application/User/main.o
 .bss           0x00000000        0x0 Application/User/main.o
 .debug_macro   0x00000000      0x886 Application/User/main.o
 .group         0x00000000        0x8 Application/User/stm32f1xx_hal_msp.o
 .group         0x00000000        0x8 Application/User/stm32f1xx_hal_msp.o
 .group         0x00000000        0x8 Application/User/stm32f1xx_hal_msp.o
 .group         0x00000000        0x8 Application/User/stm32f1xx_hal_msp.o
 .group         0x00000000        0x8 Application/User/stm32f1xx_hal_msp.o
 .group         0x00000000        0x8 Application/User/stm32f1xx_hal_msp.o
 .group         0x00000000        0x8 Application/User/stm32f1xx_hal_msp.o
 .group         0x00000000        0x8 Application/User/stm32f1xx_hal_msp.o
 .group         0x00000000        0x8 Application/User/stm32f1xx_hal_msp.o
 .group         0x00000000        0x8 Application/User/stm32f1xx_hal_msp.o
 .group         0x00000000        0x8 Application/User/stm32f1xx_hal_msp.o
 .group         0x00000000        0x8 Application/User/stm32f1xx_hal_msp.o
 .group         0x00000000        0x8 Application/User/stm32f1xx_hal_msp.o
 .group         0x00000000        0x8 Application/User/stm32f1xx_hal_msp.o
 .group         0x00000000        0x8 Application/User/stm32f1xx_hal_msp.o
 .group         0x00000000        0x8 Application/User/stm32f1xx_hal_msp.o
 .group         0x00000000        0x8 Application/User/stm32f1xx_hal_msp.o
 .group         0x00000000        0x8 Application/User/stm32f1xx_hal_msp.o
 .group         0x00000000        0x8 Application/User/stm32f1xx_hal_msp.o
 .group         0x00000000        0x8 Application/User/stm32f1xx_hal_msp.o
 .group         0x00000000        0x8 Application/User/stm32f1xx_hal_msp.o
 .group         0x00000000        0x8 Application/User/stm32f1xx_hal_msp.o
 .group         0x00000000        0x8 Application/User/stm32f1xx_hal_msp.o
 .group         0x00000000        0x8 Application/User/stm32f1xx_hal_msp.o
 .group         0x00000000        0x8 Application/User/stm32f1xx_hal_msp.o
 .group         0x00000000        0x8 Application/User/stm32f1xx_hal_msp.o
 .group         0x00000000        0x8 Application/User/stm32f1xx_hal_msp.o
 .group         0x00000000        0x8 Application/User/stm32f1xx_hal_msp.o
 .group         0x00000000        0x8 Application/User/stm32f1xx_hal_msp.o
 .group         0x00000000        0x8 Application/User/stm32f1xx_hal_msp.o
 .group         0x00000000        0x8 Application/User/stm32f1xx_hal_msp.o
 .group         0x00000000        0x8 Application/User/stm32f1xx_hal_msp.o
 .group         0x00000000        0x8 Application/User/stm32f1xx_hal_msp.o
 .group         0x00000000        0x8 Application/User/stm32f1xx_hal_msp.o
 .group         0x00000000        0x8 Application/User/stm32f1xx_hal_msp.o
 .group         0x00000000        0x8 Application/User/stm32f1xx_hal_msp.o
 .group         0x00000000        0x8 Application/User/stm32f1xx_hal_msp.o
 .group         0x00000000        0x8 Application/User/stm32f1xx_hal_msp.o
 .group         0x00000000        0x8 Application/User/stm32f1xx_hal_msp.o
 .group         0x00000000        0x8 Application/User/stm32f1xx_hal_msp.o
 .group         0x00000000        0x8 Application/User/stm32f1xx_hal_msp.o
 .group         0x00000000        0x8 Application/User/stm32f1xx_hal_msp.o
 .group         0x00000000        0x8 Application/User/stm32f1xx_hal_msp.o
 .group         0x00000000        0x8 Application/User/stm32f1xx_hal_msp.o
 .group         0x00000000        0x8 Application/User/stm32f1xx_hal_msp.o
 .group         0x00000000        0x8 Application/User/stm32f1xx_hal_msp.o
 .group         0x00000000        0x8 Application/User/stm32f1xx_hal_msp.o
 .group         0x00000000        0x8 Application/User/stm32f1xx_hal_msp.o
 .group         0x00000000        0x8 Application/User/stm32f1xx_hal_msp.o
 .text          0x00000000        0x0 Application/User/stm32f1xx_hal_msp.o
 .data          0x00000000        0x0 Application/User/stm32f1xx_hal_msp.o
 .bss           0x00000000        0x0 Application/User/stm32f1xx_hal_msp.o
 .text.HAL_MspInit
                0x00000000       0x74 Application/User/stm32f1xx_hal_msp.o
 .text.HAL_SPI_MspInit
                0x00000000       0x58 Application/User/stm32f1xx_hal_msp.o
 .text.HAL_SPI_MspDeInit
                0x00000000       0x2c Application/User/stm32f1xx_hal_msp.o
 .debug_info    0x00000000      0x9be Application/User/stm32f1xx_hal_msp.o
 .debug_abbrev  0x00000000      0x19b Application/User/stm32f1xx_hal_msp.o
 .debug_loc     0x00000000       0x4d Application/User/stm32f1xx_hal_msp.o
 .debug_aranges
                0x00000000       0x30 Application/User/stm32f1xx_hal_msp.o
 .debug_ranges  0x00000000       0x60 Application/User/stm32f1xx_hal_msp.o
 .debug_macro   0x00000000      0x291 Application/User/stm32f1xx_hal_msp.o
 .debug_macro   0x00000000      0x886 Application/User/stm32f1xx_hal_msp.o
 .debug_macro   0x00000000      0x18c Application/User/stm32f1xx_hal_msp.o
 .debug_macro   0x00000000       0x2e Application/User/stm32f1xx_hal_msp.o
 .debug_macro   0x00000000       0x22 Application/User/stm32f1xx_hal_msp.o
 .debug_macro   0x00000000       0x22 Application/User/stm32f1xx_hal_msp.o
 .debug_macro   0x00000000       0x44 Application/User/stm32f1xx_hal_msp.o
 .debug_macro   0x00000000       0xfd Application/User/stm32f1xx_hal_msp.o
 .debug_macro   0x00000000       0x22 Application/User/stm32f1xx_hal_msp.o
 .debug_macro   0x00000000      0x1df Application/User/stm32f1xx_hal_msp.o
 .debug_macro   0x00000000       0x34 Application/User/stm32f1xx_hal_msp.o
 .debug_macro   0x00000000       0x34 Application/User/stm32f1xx_hal_msp.o
 .debug_macro   0x00000000      0xb8e Application/User/stm32f1xx_hal_msp.o
 .debug_macro   0x00000000     0x69eb Application/User/stm32f1xx_hal_msp.o
 .debug_macro   0x00000000       0x43 Application/User/stm32f1xx_hal_msp.o
 .debug_macro   0x00000000     0x31c3 Application/User/stm32f1xx_hal_msp.o
 .debug_macro   0x00000000       0x58 Application/User/stm32f1xx_hal_msp.o
 .debug_macro   0x00000000       0x35 Application/User/stm32f1xx_hal_msp.o
 .debug_macro   0x00000000       0x9c Application/User/stm32f1xx_hal_msp.o
 .debug_macro   0x00000000       0x16 Application/User/stm32f1xx_hal_msp.o
 .debug_macro   0x00000000       0x97 Application/User/stm32f1xx_hal_msp.o
 .debug_macro   0x00000000      0x329 Application/User/stm32f1xx_hal_msp.o
 .debug_macro   0x00000000       0xfd Application/User/stm32f1xx_hal_msp.o
 .debug_macro   0x00000000       0x10 Application/User/stm32f1xx_hal_msp.o
 .debug_macro   0x00000000       0x52 Application/User/stm32f1xx_hal_msp.o
 .debug_macro   0x00000000       0x16 Application/User/stm32f1xx_hal_msp.o
 .debug_macro   0x00000000       0x43 Application/User/stm32f1xx_hal_msp.o
 .debug_macro   0x00000000      0x187 Application/User/stm32f1xx_hal_msp.o
 .debug_macro   0x00000000       0x10 Application/User/stm32f1xx_hal_msp.o
 .debug_macro   0x00000000       0x22 Application/User/stm32f1xx_hal_msp.o
 .debug_macro   0x00000000       0x3a Application/User/stm32f1xx_hal_msp.o
 .debug_macro   0x00000000       0x10 Application/User/stm32f1xx_hal_msp.o
 .debug_macro   0x00000000       0x40 Application/User/stm32f1xx_hal_msp.o
 .debug_macro   0x00000000       0x65 Application/User/stm32f1xx_hal_msp.o
 .debug_macro   0x00000000       0x16 Application/User/stm32f1xx_hal_msp.o
 .debug_macro   0x00000000      0x197 Application/User/stm32f1xx_hal_msp.o
 .debug_macro   0x00000000       0x50 Application/User/stm32f1xx_hal_msp.o
 .debug_macro   0x00000000      0x77f Application/User/stm32f1xx_hal_msp.o
 .debug_macro   0x00000000      0x28b Application/User/stm32f1xx_hal_msp.o
 .debug_macro   0x00000000      0x141 Application/User/stm32f1xx_hal_msp.o
 .debug_macro   0x00000000      0x197 Application/User/stm32f1xx_hal_msp.o
 .debug_macro   0x00000000      0x1a7 Application/User/stm32f1xx_hal_msp.o
 .debug_macro   0x00000000       0x2d Application/User/stm32f1xx_hal_msp.o
 .debug_macro   0x00000000       0x3c Application/User/stm32f1xx_hal_msp.o
 .debug_macro   0x00000000       0x57 Application/User/stm32f1xx_hal_msp.o
 .debug_macro   0x00000000       0x8c Application/User/stm32f1xx_hal_msp.o
 .debug_macro   0x00000000      0x242 Application/User/stm32f1xx_hal_msp.o
 .debug_macro   0x00000000      0x143 Application/User/stm32f1xx_hal_msp.o
 .debug_macro   0x00000000      0x1f4 Application/User/stm32f1xx_hal_msp.o
 .debug_macro   0x00000000       0x7c Application/User/stm32f1xx_hal_msp.o
 .debug_line    0x00000000      0x710 Application/User/stm32f1xx_hal_msp.o
 .debug_str     0x00000000    0x57165 Application/User/stm32f1xx_hal_msp.o
 .comment       0x00000000       0x6f Application/User/stm32f1xx_hal_msp.o
 .debug_frame   0x00000000       0x50 Application/User/stm32f1xx_hal_msp.o
 .ARM.attributes
                0x00000000       0x33 Application/User/stm32f1xx_hal_msp.o
 .group         0x00000000        0x8 Application/User/stm32f1xx_it.o
 .group         0x00000000        0x8 Application/User/stm32f1xx_it.o
 .group         0x00000000        0x8 Application/User/stm32f1xx_it.o
 .group         0x00000000        0x8 Application/User/stm32f1xx_it.o
 .group         0x00000000        0x8 Application/User/stm32f1xx_it.o
 .group         0x00000000        0x8 Application/User/stm32f1xx_it.o
 .group         0x00000000        0x8 Application/User/stm32f1xx_it.o
 .group         0x00000000        0x8 Application/User/stm32f1xx_it.o
 .group         0x00000000        0x8 Application/User/stm32f1xx_it.o
 .group         0x00000000        0x8 Application/User/stm32f1xx_it.o
 .group         0x00000000        0x8 Application/User/stm32f1xx_it.o
 .group         0x00000000        0x8 Application/User/stm32f1xx_it.o
 .group         0x00000000        0x8 Application/User/stm32f1xx_it.o
 .group         0x00000000        0x8 Application/User/stm32f1xx_it.o
 .group         0x00000000        0x8 Application/User/stm32f1xx_it.o
 .group         0x00000000        0x8 Application/User/stm32f1xx_it.o
 .group         0x00000000        0x8 Application/User/stm32f1xx_it.o
 .group         0x00000000        0x8 Application/User/stm32f1xx_it.o
 .group         0x00000000        0x8 Application/User/stm32f1xx_it.o
 .group         0x00000000        0x8 Application/User/stm32f1xx_it.o
 .group         0x00000000        0x8 Application/User/stm32f1xx_it.o
 .group         0x00000000        0x8 Application/User/stm32f1xx_it.o
 .group         0x00000000        0x8 Application/User/stm32f1xx_it.o
 .group         0x00000000        0x8 Application/User/stm32f1xx_it.o
 .group         0x00000000        0x8 Application/User/stm32f1xx_it.o
 .group         0x00000000        0x8 Application/User/stm32f1xx_it.o
 .group         0x00000000        0x8 Application/User/stm32f1xx_it.o
 .group         0x00000000        0x8 Application/User/stm32f1xx_it.o
 .group         0x00000000        0x8 Application/User/stm32f1xx_it.o
 .group         0x00000000        0x8 Application/User/stm32f1xx_it.o
 .group         0x00000000        0x8 Application/User/stm32f1xx_it.o
 .group         0x00000000        0x8 Application/User/stm32f1xx_it.o
 .group         0x00000000        0x8 Application/User/stm32f1xx_it.o
 .group         0x00000000        0x8 Application/User/stm32f1xx_it.o
 .group         0x00000000        0x8 Application/User/stm32f1xx_it.o
 .group         0x00000000        0x8 Application/User/stm32f1xx_it.o
 .group         0x00000000        0x8 Application/User/stm32f1xx_it.o
 .group         0x00000000        0x8 Application/User/stm32f1xx_it.o
 .group         0x00000000        0x8 Application/User/stm32f1xx_it.o
 .group         0x00000000        0x8 Application/User/stm32f1xx_it.o
 .group         0x00000000        0x8 Application/User/stm32f1xx_it.o
 .group         0x00000000        0x8 Application/User/stm32f1xx_it.o
 .group         0x00000000        0x8 Application/User/stm32f1xx_it.o
 .group         0x00000000        0x8 Application/User/stm32f1xx_it.o
 .group         0x00000000        0x8 Application/User/stm32f1xx_it.o
 .group         0x00000000        0x8 Application/User/stm32f1xx_it.o
 .group         0x00000000        0x8 Application/User/stm32f1xx_it.o
 .group         0x00000000        0x8 Application/User/stm32f1xx_it.o
 .group         0x00000000        0x8 Application/User/stm32f1xx_it.o
 .text          0x00000000        0x0 Application/User/stm32f1xx_it.o
 .data          0x00000000        0x0 Application/User/stm32f1xx_it.o
 .bss           0x00000000        0x0 Application/User/stm32f1xx_it.o
 .debug_macro   0x00000000      0x886 Application/User/stm32f1xx_it.o
 .debug_macro   0x00000000      0x18c Application/User/stm32f1xx_it.o
 .debug_macro   0x00000000       0x2e Application/User/stm32f1xx_it.o
 .debug_macro   0x00000000       0x22 Application/User/stm32f1xx_it.o
 .debug_macro   0x00000000       0x22 Application/User/stm32f1xx_it.o
 .debug_macro   0x00000000       0x44 Application/User/stm32f1xx_it.o
 .debug_macro   0x00000000       0xfd Application/User/stm32f1xx_it.o
 .debug_macro   0x00000000       0x22 Application/User/stm32f1xx_it.o
 .debug_macro   0x00000000      0x1df Application/User/stm32f1xx_it.o
 .debug_macro   0x00000000       0x34 Application/User/stm32f1xx_it.o
 .debug_macro   0x00000000       0x34 Application/User/stm32f1xx_it.o
 .debug_macro   0x00000000      0xb8e Application/User/stm32f1xx_it.o
 .debug_macro   0x00000000     0x69eb Application/User/stm32f1xx_it.o
 .debug_macro   0x00000000       0x43 Application/User/stm32f1xx_it.o
 .debug_macro   0x00000000     0x31c3 Application/User/stm32f1xx_it.o
 .debug_macro   0x00000000       0x58 Application/User/stm32f1xx_it.o
 .debug_macro   0x00000000       0x35 Application/User/stm32f1xx_it.o
 .debug_macro   0x00000000       0x9c Application/User/stm32f1xx_it.o
 .debug_macro   0x00000000       0x16 Application/User/stm32f1xx_it.o
 .debug_macro   0x00000000       0x97 Application/User/stm32f1xx_it.o
 .debug_macro   0x00000000      0x329 Application/User/stm32f1xx_it.o
 .debug_macro   0x00000000       0xfd Application/User/stm32f1xx_it.o
 .debug_macro   0x00000000       0x10 Application/User/stm32f1xx_it.o
 .debug_macro   0x00000000       0x52 Application/User/stm32f1xx_it.o
 .debug_macro   0x00000000       0x16 Application/User/stm32f1xx_it.o
 .debug_macro   0x00000000       0x43 Application/User/stm32f1xx_it.o
 .debug_macro   0x00000000      0x187 Application/User/stm32f1xx_it.o
 .debug_macro   0x00000000       0x10 Application/User/stm32f1xx_it.o
 .debug_macro   0x00000000       0x22 Application/User/stm32f1xx_it.o
 .debug_macro   0x00000000       0x3a Application/User/stm32f1xx_it.o
 .debug_macro   0x00000000       0x10 Application/User/stm32f1xx_it.o
 .debug_macro   0x00000000       0x40 Application/User/stm32f1xx_it.o
 .debug_macro   0x00000000       0x65 Application/User/stm32f1xx_it.o
 .debug_macro   0x00000000       0x16 Application/User/stm32f1xx_it.o
 .debug_macro   0x00000000      0x197 Application/User/stm32f1xx_it.o
 .debug_macro   0x00000000       0x50 Application/User/stm32f1xx_it.o
 .debug_macro   0x00000000      0x77f Application/User/stm32f1xx_it.o
 .debug_macro   0x00000000      0x28b Application/User/stm32f1xx_it.o
 .debug_macro   0x00000000      0x141 Application/User/stm32f1xx_it.o
 .debug_macro   0x00000000      0x197 Application/User/stm32f1xx_it.o
 .debug_macro   0x00000000      0x1a7 Application/User/stm32f1xx_it.o
 .debug_macro   0x00000000       0x2d Application/User/stm32f1xx_it.o
 .debug_macro   0x00000000       0x3c Application/User/stm32f1xx_it.o
 .debug_macro   0x00000000       0x57 Application/User/stm32f1xx_it.o
 .debug_macro   0x00000000       0x8c Application/User/stm32f1xx_it.o
 .debug_macro   0x00000000      0x242 Application/User/stm32f1xx_it.o
 .debug_macro   0x00000000      0x143 Application/User/stm32f1xx_it.o
 .debug_macro   0x00000000      0x1f4 Application/User/stm32f1xx_it.o
 .debug_macro   0x00000000       0x7c Application/User/stm32f1xx_it.o
 .text          0x00000000        0x0 c:/arm/eclipse/plugins/fr.ac6.mcu.externaltools.arm-none.win32_1.7.0.201602121829/tools/compiler/bin/../lib/gcc/arm-none-eabi/5.2.1/../../../../arm-none-eabi/lib/armv7-m\libc_nano.a(lib_a-exit.o)
 .data          0x00000000        0x0 c:/arm/eclipse/plugins/fr.ac6.mcu.externaltools.arm-none.win32_1.7.0.201602121829/tools/compiler/bin/../lib/gcc/arm-none-eabi/5.2.1/../../../../arm-none-eabi/lib/armv7-m\libc_nano.a(lib_a-exit.o)
 .bss           0x00000000        0x0 c:/arm/eclipse/plugins/fr.ac6.mcu.externaltools.arm-none.win32_1.7.0.201602121829/tools/compiler/bin/../lib/gcc/arm-none-eabi/5.2.1/../../../../arm-none-eabi/lib/armv7-m\libc_nano.a(lib_a-exit.o)
 .text.exit     0x00000000       0x28 c:/arm/eclipse/plugins/fr.ac6.mcu.externaltools.arm-none.win32_1.7.0.201602121829/tools/compiler/bin/../lib/gcc/arm-none-eabi/5.2.1/../../../../arm-none-eabi/lib/armv7-m\libc_nano.a(lib_a-exit.o)
 .debug_frame   0x00000000       0x28 c:/arm/eclipse/plugins/fr.ac6.mcu.externaltools.arm-none.win32_1.7.0.201602121829/tools/compiler/bin/../lib/gcc/arm-none-eabi/5.2.1/../../../../arm-none-eabi/lib/armv7-m\libc_nano.a(lib_a-exit.o)
 .ARM.attributes
                0x00000000       0x2d c:/arm/eclipse/plugins/fr.ac6.mcu.externaltools.arm-none.win32_1.7.0.201602121829/tools/compiler/bin/../lib/gcc/arm-none-eabi/5.2.1/../../../../arm-none-eabi/lib/armv7-m\libc_nano.a(lib_a-exit.o)
 .text          0x00000000        0x0 c:/arm/eclipse/plugins/fr.ac6.mcu.externaltools.arm-none.win32_1.7.0.201602121829/tools/compiler/bin/../lib/gcc/arm-none-eabi/5.2.1/../../../../arm-none-eabi/lib/armv7-m\libc_nano.a(lib_a-impure.o)
 .data          0x00000000        0x0 c:/arm/eclipse/plugins/fr.ac6.mcu.externaltools.arm-none.win32_1.7.0.201602121829/tools/compiler/bin/../lib/gcc/arm-none-eabi/5.2.1/../../../../arm-none-eabi/lib/armv7-m\libc_nano.a(lib_a-impure.o)
 .bss           0x00000000        0x0 c:/arm/eclipse/plugins/fr.ac6.mcu.externaltools.arm-none.win32_1.7.0.201602121829/tools/compiler/bin/../lib/gcc/arm-none-eabi/5.2.1/../../../../arm-none-eabi/lib/armv7-m\libc_nano.a(lib_a-impure.o)
 .data.impure_data
                0x00000000       0x60 c:/arm/eclipse/plugins/fr.ac6.mcu.externaltools.arm-none.win32_1.7.0.201602121829/tools/compiler/bin/../lib/gcc/arm-none-eabi/5.2.1/../../../../arm-none-eabi/lib/armv7-m\libc_nano.a(lib_a-impure.o)
 .data._impure_ptr
                0x00000000        0x4 c:/arm/eclipse/plugins/fr.ac6.mcu.externaltools.arm-none.win32_1.7.0.201602121829/tools/compiler/bin/../lib/gcc/arm-none-eabi/5.2.1/../../../../arm-none-eabi/lib/armv7-m\libc_nano.a(lib_a-impure.o)
 .rodata.str1.1
                0x00000000        0x2 c:/arm/eclipse/plugins/fr.ac6.mcu.externaltools.arm-none.win32_1.7.0.201602121829/tools/compiler/bin/../lib/gcc/arm-none-eabi/5.2.1/../../../../arm-none-eabi/lib/armv7-m\libc_nano.a(lib_a-impure.o)
 .rodata._global_impure_ptr
                0x00000000        0x4 c:/arm/eclipse/plugins/fr.ac6.mcu.externaltools.arm-none.win32_1.7.0.201602121829/tools/compiler/bin/../lib/gcc/arm-none-eabi/5.2.1/../../../../arm-none-eabi/lib/armv7-m\libc_nano.a(lib_a-impure.o)
 .ARM.attributes
                0x00000000       0x2d c:/arm/eclipse/plugins/fr.ac6.mcu.externaltools.arm-none.win32_1.7.0.201602121829/tools/compiler/bin/../lib/gcc/arm-none-eabi/5.2.1/../../../../arm-none-eabi/lib/armv7-m\libc_nano.a(lib_a-impure.o)
 .text          0x00000000        0x0 c:/arm/eclipse/plugins/fr.ac6.mcu.externaltools.arm-none.win32_1.7.0.201602121829/tools/compiler/bin/../lib/gcc/arm-none-eabi/5.2.1/../../../../arm-none-eabi/lib/armv7-m\libc_nano.a(lib_a-init.o)
 .data          0x00000000        0x0 c:/arm/eclipse/plugins/fr.ac6.mcu.externaltools.arm-none.win32_1.7.0.201602121829/tools/compiler/bin/../lib/gcc/arm-none-eabi/5.2.1/../../../../arm-none-eabi/lib/armv7-m\libc_nano.a(lib_a-init.o)
 .bss           0x00000000        0x0 c:/arm/eclipse/plugins/fr.ac6.mcu.externaltools.arm-none.win32_1.7.0.201602121829/tools/compiler/bin/../lib/gcc/arm-none-eabi/5.2.1/../../../../arm-none-eabi/lib/armv7-m\libc_nano.a(lib_a-init.o)
 .text          0x00000000        0x0 c:/arm/eclipse/plugins/fr.ac6.mcu.externaltools.arm-none.win32_1.7.0.201602121829/tools/compiler/bin/../lib/gcc/arm-none-eabi/5.2.1/../../../../arm-none-eabi/lib/armv7-m\libc_nano.a(lib_a-memset.o)
 .data          0x00000000        0x0 c:/arm/eclipse/plugins/fr.ac6.mcu.externaltools.arm-none.win32_1.7.0.201602121829/tools/compiler/bin/../lib/gcc/arm-none-eabi/5.2.1/../../../../arm-none-eabi/lib/armv7-m\libc_nano.a(lib_a-memset.o)
 .bss           0x00000000        0x0 c:/arm/eclipse/plugins/fr.ac6.mcu.externaltools.arm-none.win32_1.7.0.201602121829/tools/compiler/bin/../lib/gcc/arm-none-eabi/5.2.1/../../../../arm-none-eabi/lib/armv7-m\libc_nano.a(lib_a-memset.o)
 .text.memset   0x00000000       0x10 c:/arm/eclipse/plugins/fr.ac6.mcu.externaltools.arm-none.win32_1.7.0.201602121829/tools/compiler/bin/../lib/gcc/arm-none-eabi/5.2.1/../../../../arm-none-eabi/lib/armv7-m\libc_nano.a(lib_a-memset.o)
 .debug_frame   0x00000000       0x20 c:/arm/eclipse/plugins/fr.ac6.mcu.externaltools.arm-none.win32_1.7.0.201602121829/tools/compiler/bin/../lib/gcc/arm-none-eabi/5.2.1/../../../../arm-none-eabi/lib/armv7-m\libc_nano.a(lib_a-memset.o)
 .ARM.attributes
                0x00000000       0x2d c:/arm/eclipse/plugins/fr.ac6.mcu.externaltools.arm-none.win32_1.7.0.201602121829/tools/compiler/bin/../lib/gcc/arm-none-eabi/5.2.1/../../../../arm-none-eabi/lib/armv7-m\libc_nano.a(lib_a-memset.o)
 .text          0x00000000        0x0 c:/arm/eclipse/plugins/fr.ac6.mcu.externaltools.arm-none.win32_1.7.0.201602121829/tools/compiler/bin/../lib/gcc/arm-none-eabi/5.2.1/../../../../arm-none-eabi/lib/armv7-m\libnosys.a(_exit.o)
 .data          0x00000000        0x0 c:/arm/eclipse/plugins/fr.ac6.mcu.externaltools.arm-none.win32_1.7.0.201602121829/tools/compiler/bin/../lib/gcc/arm-none-eabi/5.2.1/../../../../arm-none-eabi/lib/armv7-m\libnosys.a(_exit.o)
 .bss           0x00000000        0x0 c:/arm/eclipse/plugins/fr.ac6.mcu.externaltools.arm-none.win32_1.7.0.201602121829/tools/compiler/bin/../lib/gcc/arm-none-eabi/5.2.1/../../../../arm-none-eabi/lib/armv7-m\libnosys.a(_exit.o)
 .text._exit    0x00000000        0x4 c:/arm/eclipse/plugins/fr.ac6.mcu.externaltools.arm-none.win32_1.7.0.201602121829/tools/compiler/bin/../lib/gcc/arm-none-eabi/5.2.1/../../../../arm-none-eabi/lib/armv7-m\libnosys.a(_exit.o)
 .debug_frame   0x00000000       0x20 c:/arm/eclipse/plugins/fr.ac6.mcu.externaltools.arm-none.win32_1.7.0.201602121829/tools/compiler/bin/../lib/gcc/arm-none-eabi/5.2.1/../../../../arm-none-eabi/lib/armv7-m\libnosys.a(_exit.o)
 .ARM.attributes
                0x00000000       0x2d c:/arm/eclipse/plugins/fr.ac6.mcu.externaltools.arm-none.win32_1.7.0.201602121829/tools/compiler/bin/../lib/gcc/arm-none-eabi/5.2.1/../../../../arm-none-eabi/lib/armv7-m\libnosys.a(_exit.o)
 .text          0x00000000        0x0 c:/arm/eclipse/plugins/fr.ac6.mcu.externaltools.arm-none.win32_1.7.0.201602121829/tools/compiler/bin/../lib/gcc/arm-none-eabi/5.2.1/armv7-m/crtend.o
 .data          0x00000000        0x0 c:/arm/eclipse/plugins/fr.ac6.mcu.externaltools.arm-none.win32_1.7.0.201602121829/tools/compiler/bin/../lib/gcc/arm-none-eabi/5.2.1/armv7-m/crtend.o
 .bss           0x00000000        0x0 c:/arm/eclipse/plugins/fr.ac6.mcu.externaltools.arm-none.win32_1.7.0.201602121829/tools/compiler/bin/../lib/gcc/arm-none-eabi/5.2.1/armv7-m/crtend.o
 .eh_frame      0x00000000        0x4 c:/arm/eclipse/plugins/fr.ac6.mcu.externaltools.arm-none.win32_1.7.0.201602121829/tools/compiler/bin/../lib/gcc/arm-none-eabi/5.2.1/armv7-m/crtend.o
 .jcr           0x00000000        0x4 c:/arm/eclipse/plugins/fr.ac6.mcu.externaltools.arm-none.win32_1.7.0.201602121829/tools/compiler/bin/../lib/gcc/arm-none-eabi/5.2.1/armv7-m/crtend.o
 .text          0x00000000        0x0 c:/arm/eclipse/plugins/fr.ac6.mcu.externaltools.arm-none.win32_1.7.0.201602121829/tools/compiler/bin/../lib/gcc/arm-none-eabi/5.2.1/armv7-m/crtn.o
 .data          0x00000000        0x0 c:/arm/eclipse/plugins/fr.ac6.mcu.externaltools.arm-none.win32_1.7.0.201602121829/tools/compiler/bin/../lib/gcc/arm-none-eabi/5.2.1/armv7-m/crtn.o
 .bss           0x00000000        0x0 c:/arm/eclipse/plugins/fr.ac6.mcu.externaltools.arm-none.win32_1.7.0.201602121829/tools/compiler/bin/../lib/gcc/arm-none-eabi/5.2.1/armv7-m/crtn.o

Memory Configuration

Name             Origin             Length             Attributes
FLASH            0x08000000         0x00010000         xr
RAM              0x20000000         0x00005000         xrw
*default*        0x00000000         0xffffffff

Linker script and memory map

LOAD c:/arm/eclipse/plugins/fr.ac6.mcu.externaltools.arm-none.win32_1.7.0.201602121829/tools/compiler/bin/../lib/gcc/arm-none-eabi/5.2.1/armv7-m/crti.o
LOAD c:/arm/eclipse/plugins/fr.ac6.mcu.externaltools.arm-none.win32_1.7.0.201602121829/tools/compiler/bin/../lib/gcc/arm-none-eabi/5.2.1/armv7-m/crtbegin.o
LOAD c:/arm/eclipse/plugins/fr.ac6.mcu.externaltools.arm-none.win32_1.7.0.201602121829/tools/compiler/bin/../lib/gcc/arm-none-eabi/5.2.1/../../../../arm-none-eabi/lib/armv7-m/crt0.o
LOAD c:/arm/eclipse/plugins/fr.ac6.mcu.externaltools.arm-none.win32_1.7.0.201602121829/tools/compiler/bin/../lib/gcc/arm-none-eabi/5.2.1/../../../../arm-none-eabi/lib/armv7-m\libm.a
LOAD Application/SW4STM32/startup_stm32f103xb.o
LOAD Application/User/Init.o
LOAD Application/User/main.o
LOAD Application/User/stm32f1xx_hal_msp.o
LOAD Application/User/stm32f1xx_it.o
START GROUP
LOAD c:/arm/eclipse/plugins/fr.ac6.mcu.externaltools.arm-none.win32_1.7.0.201602121829/tools/compiler/bin/../lib/gcc/arm-none-eabi/5.2.1/armv7-m\libgcc.a
LOAD c:/arm/eclipse/plugins/fr.ac6.mcu.externaltools.arm-none.win32_1.7.0.201602121829/tools/compiler/bin/../lib/gcc/arm-none-eabi/5.2.1/../../../../arm-none-eabi/lib/armv7-m\libc_nano.a
END GROUP
START GROUP
LOAD c:/arm/eclipse/plugins/fr.ac6.mcu.externaltools.arm-none.win32_1.7.0.201602121829/tools/compiler/bin/../lib/gcc/arm-none-eabi/5.2.1/armv7-m\libgcc.a
LOAD c:/arm/eclipse/plugins/fr.ac6.mcu.externaltools.arm-none.win32_1.7.0.201602121829/tools/compiler/bin/../lib/gcc/arm-none-eabi/5.2.1/../../../../arm-none-eabi/lib/armv7-m\libc_nano.a
LOAD c:/arm/eclipse/plugins/fr.ac6.mcu.externaltools.arm-none.win32_1.7.0.201602121829/tools/compiler/bin/../lib/gcc/arm-none-eabi/5.2.1/../../../../arm-none-eabi/lib/armv7-m\libnosys.a
END GROUP
START GROUP
LOAD c:/arm/eclipse/plugins/fr.ac6.mcu.externaltools.arm-none.win32_1.7.0.201602121829/tools/compiler/bin/../lib/gcc/arm-none-eabi/5.2.1/armv7-m\libgcc.a
LOAD c:/arm/eclipse/plugins/fr.ac6.mcu.externaltools.arm-none.win32_1.7.0.201602121829/tools/compiler/bin/../lib/gcc/arm-none-eabi/5.2.1/../../../../arm-none-eabi/lib/armv7-m\libc_nano.a
LOAD c:/arm/eclipse/plugins/fr.ac6.mcu.externaltools.arm-none.win32_1.7.0.201602121829/tools/compiler/bin/../lib/gcc/arm-none-eabi/5.2.1/../../../../arm-none-eabi/lib/armv7-m\libnosys.a
END GROUP
LOAD c:/arm/eclipse/plugins/fr.ac6.mcu.externaltools.arm-none.win32_1.7.0.201602121829/tools/compiler/bin/../lib/gcc/arm-none-eabi/5.2.1/armv7-m/crtend.o
LOAD c:/arm/eclipse/plugins/fr.ac6.mcu.externaltools.arm-none.win32_1.7.0.201602121829/tools/compiler/bin/../lib/gcc/arm-none-eabi/5.2.1/armv7-m/crtn.o
                0x20005000                _estack = 0x20005000
                0x00000200                _Min_Heap_Size = 0x200
                0x00000400                _Min_Stack_Size = 0x400

.isr_vector     0x08000000      0x10c
                0x08000000                . = ALIGN (0x4)
 *(.isr_vector)
 .isr_vector    0x08000000      0x10c Application/SW4STM32/startup_stm32f103xb.o
                0x08000000                g_pfnVectors
                0x0800010c                . = ALIGN (0x4)

.text           0x0800010c      0x268
                0x0800010c                . = ALIGN (0x4)
 *(.text)
 .text          0x0800010c       0xa4 c:/arm/eclipse/plugins/fr.ac6.mcu.externaltools.arm-none.win32_1.7.0.201602121829/tools/compiler/bin/../lib/gcc/arm-none-eabi/5.2.1/armv7-m/crtbegin.o
 *(.text*)
 .text.Reset_Handler
                0x080001b0       0x48 Application/SW4STM32/startup_stm32f103xb.o
                0x080001b0                Reset_Handler
 .text.Default_Handler
                0x080001f8        0x2 Application/SW4STM32/startup_stm32f103xb.o
                0x080001f8                RTC_Alarm_IRQHandler
                0x080001f8                EXTI2_IRQHandler
                0x080001f8                TIM1_CC_IRQHandler
                0x080001f8                PVD_IRQHandler
                0x080001f8                PendSV_Handler
                0x080001f8                EXTI3_IRQHandler
                0x080001f8                EXTI0_IRQHandler
                0x080001f8                I2C2_EV_IRQHandler
                0x080001f8                ADC1_2_IRQHandler
                0x080001f8                SPI1_IRQHandler
                0x080001f8                TAMPER_IRQHandler
                0x080001f8                DMA1_Channel4_IRQHandler
                0x080001f8                USART3_IRQHandler
                0x080001f8                RTC_IRQHandler
                0x080001f8                DMA1_Channel7_IRQHandler
                0x080001f8                CAN1_RX1_IRQHandler
                0x080001f8                TIM4_IRQHandler
                0x080001f8                I2C1_EV_IRQHandler
                0x080001f8                DMA1_Channel6_IRQHandler
                0x080001f8                TIM3_IRQHandler
                0x080001f8                RCC_IRQHandler
                0x080001f8                TIM1_TRG_COM_IRQHandler
                0x080001f8                DMA1_Channel1_IRQHandler
                0x080001f8                Default_Handler
                0x080001f8                EXTI15_10_IRQHandler
                0x080001f8                EXTI9_5_IRQHandler
                0x080001f8                SPI2_IRQHandler
                0x080001f8                SVC_Handler
                0x080001f8                DMA1_Channel5_IRQHandler
                0x080001f8                EXTI4_IRQHandler
                0x080001f8                USB_LP_CAN1_RX0_IRQHandler
                0x080001f8                USB_HP_CAN1_TX_IRQHandler
                0x080001f8                DMA1_Channel3_IRQHandler
                0x080001f8                TIM1_UP_IRQHandler
                0x080001f8                WWDG_IRQHandler
                0x080001f8                TIM2_IRQHandler
                0x080001f8                TIM1_BRK_IRQHandler
                0x080001f8                EXTI1_IRQHandler
                0x080001f8                USART2_IRQHandler
                0x080001f8                I2C2_ER_IRQHandler
                0x080001f8                DMA1_Channel2_IRQHandler
                0x080001f8                CAN1_SCE_IRQHandler
                0x080001f8                FLASH_IRQHandler
                0x080001f8                USART1_IRQHandler
                0x080001f8                I2C1_ER_IRQHandler
                0x080001f8                USBWakeUp_IRQHandler
 .text.SystemClock_Config
                0x080001fa       0x54 Application/User/main.o
                0x080001fa                SystemClock_Config
 *fill*         0x0800024e        0x2 
 .text.startup.main
                0x08000250       0xa4 Application/User/main.o
                0x08000250                main
 .text.NMI_Handler
                0x080002f4        0x2 Application/User/stm32f1xx_it.o
                0x080002f4                NMI_Handler
 .text.HardFault_Handler
                0x080002f6        0x2 Application/User/stm32f1xx_it.o
                0x080002f6                HardFault_Handler
 .text.MemManage_Handler
                0x080002f8        0x2 Application/User/stm32f1xx_it.o
                0x080002f8                MemManage_Handler
 .text.BusFault_Handler
                0x080002fa        0x2 Application/User/stm32f1xx_it.o
                0x080002fa                BusFault_Handler
 .text.UsageFault_Handler
                0x080002fc        0x2 Application/User/stm32f1xx_it.o
                0x080002fc                UsageFault_Handler
 .text.DebugMon_Handler
                0x080002fe        0x2 Application/User/stm32f1xx_it.o
                0x080002fe                DebugMon_Handler
 .text.SysTick_Handler
                0x08000300        0xe Application/User/stm32f1xx_it.o
                0x08000300                SysTick_Handler
 *fill*         0x0800030e        0x2 
 .text.__libc_init_array
                0x08000310       0x4c c:/arm/eclipse/plugins/fr.ac6.mcu.externaltools.arm-none.win32_1.7.0.201602121829/tools/compiler/bin/../lib/gcc/arm-none-eabi/5.2.1/../../../../arm-none-eabi/lib/armv7-m\libc_nano.a(lib_a-init.o)
                0x08000310                __libc_init_array
 *(.glue_7)
 .glue_7        0x0800035c        0x0 linker stubs
 *(.glue_7t)
 .glue_7t       0x0800035c        0x0 linker stubs
 *(.eh_frame)
 .eh_frame      0x0800035c        0x0 c:/arm/eclipse/plugins/fr.ac6.mcu.externaltools.arm-none.win32_1.7.0.201602121829/tools/compiler/bin/../lib/gcc/arm-none-eabi/5.2.1/armv7-m/crtbegin.o
 *(.init)
 .init          0x0800035c        0x4 c:/arm/eclipse/plugins/fr.ac6.mcu.externaltools.arm-none.win32_1.7.0.201602121829/tools/compiler/bin/../lib/gcc/arm-none-eabi/5.2.1/armv7-m/crti.o
                0x0800035c                _init
 .init          0x08000360        0x8 c:/arm/eclipse/plugins/fr.ac6.mcu.externaltools.arm-none.win32_1.7.0.201602121829/tools/compiler/bin/../lib/gcc/arm-none-eabi/5.2.1/armv7-m/crtn.o
 *(.fini)
 .fini          0x08000368        0x4 c:/arm/eclipse/plugins/fr.ac6.mcu.externaltools.arm-none.win32_1.7.0.201602121829/tools/compiler/bin/../lib/gcc/arm-none-eabi/5.2.1/armv7-m/crti.o
                0x08000368                _fini
 .fini          0x0800036c        0x8 c:/arm/eclipse/plugins/fr.ac6.mcu.externaltools.arm-none.win32_1.7.0.201602121829/tools/compiler/bin/../lib/gcc/arm-none-eabi/5.2.1/armv7-m/crtn.o
                0x08000374                . = ALIGN (0x4)
                0x08000374                _etext = .

.vfp11_veneer   0x08000374        0x0
 .vfp11_veneer  0x08000374        0x0 linker stubs

.v4_bx          0x08000374        0x0
 .v4_bx         0x08000374        0x0 linker stubs

.iplt           0x08000374        0x0
 .iplt          0x08000374        0x0 c:/arm/eclipse/plugins/fr.ac6.mcu.externaltools.arm-none.win32_1.7.0.201602121829/tools/compiler/bin/../lib/gcc/arm-none-eabi/5.2.1/armv7-m/crtbegin.o

.rel.dyn        0x08000374        0x0
 .rel.iplt      0x08000374        0x0 c:/arm/eclipse/plugins/fr.ac6.mcu.externaltools.arm-none.win32_1.7.0.201602121829/tools/compiler/bin/../lib/gcc/arm-none-eabi/5.2.1/armv7-m/crtbegin.o

.rodata         0x08000374        0x0
                0x08000374                . = ALIGN (0x4)
 *(.rodata)
 *(.rodata*)
                0x08000374                . = ALIGN (0x4)

.ARM.extab
 *(.ARM.extab* .gnu.linkonce.armextab.*)

.ARM            0x08000374        0x0
                0x08000374                __exidx_start = .
 *(.ARM.exidx*)
                0x08000374                __exidx_end = .

.preinit_array  0x08000374        0x0
                0x08000374                PROVIDE (__preinit_array_start, .)
 *(.preinit_array*)
                0x08000374                PROVIDE (__preinit_array_end, .)

.init_array     0x08000374        0x4
                0x08000374                PROVIDE (__init_array_start, .)
 *(SORT(.init_array.*))
 *(.init_array*)
 .init_array    0x08000374        0x4 c:/arm/eclipse/plugins/fr.ac6.mcu.externaltools.arm-none.win32_1.7.0.201602121829/tools/compiler/bin/../lib/gcc/arm-none-eabi/5.2.1/armv7-m/crtbegin.o
                0x08000378                PROVIDE (__init_array_end, .)

.fini_array     0x08000378        0x4
                [!provide]                PROVIDE (__fini_array_start, .)
 *(SORT(.fini_array.*))
 *(.fini_array*)
 .fini_array    0x08000378        0x4 c:/arm/eclipse/plugins/fr.ac6.mcu.externaltools.arm-none.win32_1.7.0.201602121829/tools/compiler/bin/../lib/gcc/arm-none-eabi/5.2.1/armv7-m/crtbegin.o
                [!provide]                PROVIDE (__fini_array_end, .)
                0x0800037c                _sidata = LOADADDR (.data)

.data           0x20000000        0x0 load address 0x0800037c
                0x20000000                . = ALIGN (0x4)
                0x20000000                _sdata = .
 *(.data)
 *(.data*)
                0x20000000                . = ALIGN (0x4)
                0x20000000                _edata = .

.jcr            0x20000000        0x0 load address 0x0800037c
 .jcr           0x20000000        0x0 c:/arm/eclipse/plugins/fr.ac6.mcu.externaltools.arm-none.win32_1.7.0.201602121829/tools/compiler/bin/../lib/gcc/arm-none-eabi/5.2.1/armv7-m/crtbegin.o

.tm_clone_table
                0x20000000        0x0 load address 0x0800037c
 .tm_clone_table
                0x20000000        0x0 c:/arm/eclipse/plugins/fr.ac6.mcu.externaltools.arm-none.win32_1.7.0.201602121829/tools/compiler/bin/../lib/gcc/arm-none-eabi/5.2.1/armv7-m/crtbegin.o
 .tm_clone_table
                0x20000000        0x0 c:/arm/eclipse/plugins/fr.ac6.mcu.externaltools.arm-none.win32_1.7.0.201602121829/tools/compiler/bin/../lib/gcc/arm-none-eabi/5.2.1/armv7-m/crtend.o

.igot.plt       0x20000000        0x0 load address 0x0800037c
 .igot.plt      0x20000000        0x0 c:/arm/eclipse/plugins/fr.ac6.mcu.externaltools.arm-none.win32_1.7.0.201602121829/tools/compiler/bin/../lib/gcc/arm-none-eabi/5.2.1/armv7-m/crtbegin.o
                0x20000000                . = ALIGN (0x4)

.bss            0x20000000       0x74 load address 0x0800037c
                0x20000000                _sbss = .
                0x20000000                __bss_start__ = _sbss
 *(.bss)
 .bss           0x20000000       0x1c c:/arm/eclipse/plugins/fr.ac6.mcu.externaltools.arm-none.win32_1.7.0.201602121829/tools/compiler/bin/../lib/gcc/arm-none-eabi/5.2.1/armv7-m/crtbegin.o
 *(.bss*)
 *(COMMON)
 COMMON         0x2000001c       0x58 Application/User/main.o
                0x2000001c                hspi2
                0x20000074                . = ALIGN (0x4)
                0x20000074                _ebss = .
                0x20000074                __bss_end__ = _ebss

._user_heap_stack
                0x20000074      0x604 load address 0x0800037c
                0x20000078                . = ALIGN (0x8)
 *fill*         0x20000074        0x4 
                [!provide]                PROVIDE (end, .)
                [!provide]                PROVIDE (_end, .)
                0x20000278                . = (. + _Min_Heap_Size)
 *fill*         0x20000078      0x200 
                0x20000678                . = (. + _Min_Stack_Size)
 *fill*         0x20000278      0x400 
                0x20000678                . = ALIGN (0x8)

/DISCARD/
 libc.a(*)
 libm.a(*)
 libgcc.a(*)

.ARM.attributes
                0x00000000       0x29
 *(.ARM.attributes)
 .ARM.attributes
                0x00000000       0x1d c:/arm/eclipse/plugins/fr.ac6.mcu.externaltools.arm-none.win32_1.7.0.201602121829/tools/compiler/bin/../lib/gcc/arm-none-eabi/5.2.1/armv7-m/crti.o
 .ARM.attributes
                0x0000001d       0x2d c:/arm/eclipse/plugins/fr.ac6.mcu.externaltools.arm-none.win32_1.7.0.201602121829/tools/compiler/bin/../lib/gcc/arm-none-eabi/5.2.1/armv7-m/crtbegin.o
 .ARM.attributes
                0x0000004a       0x21 Application/SW4STM32/startup_stm32f103xb.o
 .ARM.attributes
                0x0000006b       0x33 Application/User/main.o
 .ARM.attributes
                0x0000009e       0x33 Application/User/stm32f1xx_it.o
 .ARM.attributes
                0x000000d1       0x2d c:/arm/eclipse/plugins/fr.ac6.mcu.externaltools.arm-none.win32_1.7.0.201602121829/tools/compiler/bin/../lib/gcc/arm-none-eabi/5.2.1/../../../../arm-none-eabi/lib/armv7-m\libc_nano.a(lib_a-init.o)
 .ARM.attributes
                0x000000fe       0x2d c:/arm/eclipse/plugins/fr.ac6.mcu.externaltools.arm-none.win32_1.7.0.201602121829/tools/compiler/bin/../lib/gcc/arm-none-eabi/5.2.1/armv7-m/crtend.o
 .ARM.attributes
                0x0000012b       0x1d c:/arm/eclipse/plugins/fr.ac6.mcu.externaltools.arm-none.win32_1.7.0.201602121829/tools/compiler/bin/../lib/gcc/arm-none-eabi/5.2.1/armv7-m/crtn.o
OUTPUT(WS2812.elf elf32-littlearm)

.debug_line     0x00000000      0xefd
 .debug_line    0x00000000       0xc9 Application/SW4STM32/startup_stm32f103xb.o
 .debug_line    0x000000c9      0x705 Application/User/main.o
 .debug_line    0x000007ce      0x72f Application/User/stm32f1xx_it.o

.debug_info     0x00000000      0xd2f
 .debug_info    0x00000000       0xc8 Application/SW4STM32/startup_stm32f103xb.o
 .debug_info    0x000000c8      0xb15 Application/User/main.o
 .debug_info    0x00000bdd      0x152 Application/User/stm32f1xx_it.o

.debug_abbrev   0x00000000      0x2e9
 .debug_abbrev  0x00000000       0x12 Application/SW4STM32/startup_stm32f103xb.o
 .debug_abbrev  0x00000012      0x20e Application/User/main.o
 .debug_abbrev  0x00000220       0xc9 Application/User/stm32f1xx_it.o

.debug_aranges  0x00000000       0xa0
 .debug_aranges
                0x00000000       0x28 Application/SW4STM32/startup_stm32f103xb.o
 .debug_aranges
                0x00000028       0x28 Application/User/main.o
 .debug_aranges
                0x00000050       0x50 Application/User/stm32f1xx_it.o

.debug_ranges   0x00000000       0xb0
 .debug_ranges  0x00000000       0x20 Application/SW4STM32/startup_stm32f103xb.o
 .debug_ranges  0x00000020       0x50 Application/User/main.o
 .debug_ranges  0x00000070       0x40 Application/User/stm32f1xx_it.o

.debug_macro    0x00000000     0xd379
 .debug_macro   0x00000000      0x291 Application/User/main.o
 .debug_macro   0x00000291      0x18c Application/User/main.o
 .debug_macro   0x0000041d       0x2e Application/User/main.o
 .debug_macro   0x0000044b       0x22 Application/User/main.o
 .debug_macro   0x0000046d       0x22 Application/User/main.o
 .debug_macro   0x0000048f       0x44 Application/User/main.o
 .debug_macro   0x000004d3       0xfd Application/User/main.o
 .debug_macro   0x000005d0       0x22 Application/User/main.o
 .debug_macro   0x000005f2      0x1df Application/User/main.o
 .debug_macro   0x000007d1       0x34 Application/User/main.o
 .debug_macro   0x00000805       0x34 Application/User/main.o
 .debug_macro   0x00000839      0xb8e Application/User/main.o
 .debug_macro   0x000013c7     0x69eb Application/User/main.o
 .debug_macro   0x00007db2       0x43 Application/User/main.o
 .debug_macro   0x00007df5     0x31c3 Application/User/main.o
 .debug_macro   0x0000afb8       0x58 Application/User/main.o
 .debug_macro   0x0000b010       0x35 Application/User/main.o
 .debug_macro   0x0000b045       0x9c Application/User/main.o
 .debug_macro   0x0000b0e1       0x16 Application/User/main.o
 .debug_macro   0x0000b0f7       0x97 Application/User/main.o
 .debug_macro   0x0000b18e      0x329 Application/User/main.o
 .debug_macro   0x0000b4b7       0xfd Application/User/main.o
 .debug_macro   0x0000b5b4       0x10 Application/User/main.o
 .debug_macro   0x0000b5c4       0x52 Application/User/main.o
 .debug_macro   0x0000b616       0x16 Application/User/main.o
 .debug_macro   0x0000b62c       0x43 Application/User/main.o
 .debug_macro   0x0000b66f      0x187 Application/User/main.o
 .debug_macro   0x0000b7f6       0x10 Application/User/main.o
 .debug_macro   0x0000b806       0x22 Application/User/main.o
 .debug_macro   0x0000b828       0x3a Application/User/main.o
 .debug_macro   0x0000b862       0x10 Application/User/main.o
 .debug_macro   0x0000b872       0x40 Application/User/main.o
 .debug_macro   0x0000b8b2       0x65 Application/User/main.o
 .debug_macro   0x0000b917       0x16 Application/User/main.o
 .debug_macro   0x0000b92d      0x197 Application/User/main.o
 .debug_macro   0x0000bac4       0x50 Application/User/main.o
 .debug_macro   0x0000bb14      0x77f Application/User/main.o
 .debug_macro   0x0000c293      0x28b Application/User/main.o
 .debug_macro   0x0000c51e      0x141 Application/User/main.o
 .debug_macro   0x0000c65f      0x197 Application/User/main.o
 .debug_macro   0x0000c7f6      0x1a7 Application/User/main.o
 .debug_macro   0x0000c99d       0x2d Application/User/main.o
 .debug_macro   0x0000c9ca       0x3c Application/User/main.o
 .debug_macro   0x0000ca06       0x57 Application/User/main.o
 .debug_macro   0x0000ca5d       0x8c Application/User/main.o
 .debug_macro   0x0000cae9      0x242 Application/User/main.o
 .debug_macro   0x0000cd2b      0x143 Application/User/main.o
 .debug_macro   0x0000ce6e      0x1f4 Application/User/main.o
 .debug_macro   0x0000d062       0x7c Application/User/main.o
 .debug_macro   0x0000d0de      0x29b Application/User/stm32f1xx_it.o

.debug_str      0x00000000    0x56f74
 .debug_str     0x00000000    0x56e97 Application/User/main.o
                              0x572bf (size before relaxing)
 .debug_str     0x00056e97       0xdd Application/User/stm32f1xx_it.o
                              0x56a3a (size before relaxing)

.comment        0x00000000       0x6e
 .comment       0x00000000       0x6e Application/User/main.o
                                 0x6f (size before relaxing)
 .comment       0x0000006e       0x6f Application/User/stm32f1xx_it.o

.debug_frame    0x00000000      0x100
 .debug_frame   0x00000000       0x48 Application/User/main.o
 .debug_frame   0x00000048       0x8c Application/User/stm32f1xx_it.o
 .debug_frame   0x000000d4       0x2c c:/arm/eclipse/plugins/fr.ac6.mcu.externaltools.arm-none.win32_1.7.0.201602121829/tools/compiler/bin/../lib/gcc/arm-none-eabi/5.2.1/../../../../arm-none-eabi/lib/armv7-m\libc_nano.a(lib_a-init.o)
